------------------------------------------------------------
TimeQuest Timing Analyzer Summary
------------------------------------------------------------

Type  : Slow Model Setup 'DivisorDeFrecuencia:Divisor2|salida_media'
Slack : -6.758
TNS   : -120.061

Type  : Slow Model Setup 'A'
Slack : -6.277
TNS   : -992.684

Type  : Slow Model Setup 'CLK'
Slack : -4.832
TNS   : -376.686

Type  : Slow Model Setup 'DivisorDeFrecuencia:Divisor3|salida_media'
Slack : -0.019
TNS   : -0.019

Type  : Slow Model Hold 'A'
Slack : -3.777
TNS   : -20.238

Type  : Slow Model Hold 'CLK'
Slack : -2.526
TNS   : -5.052

Type  : Slow Model Hold 'DivisorDeFrecuencia:Divisor2|salida_media'
Slack : 0.499
TNS   : 0.000

Type  : Slow Model Hold 'DivisorDeFrecuencia:Divisor3|salida_media'
Slack : 0.499
TNS   : 0.000

Type  : Slow Model Recovery 'A'
Slack : -1.381
TNS   : -6.998

Type  : Slow Model Removal 'A'
Slack : 0.909
TNS   : 0.000

Type  : Slow Model Minimum Pulse Width 'CLK'
Slack : -1.941
TNS   : -180.021

Type  : Slow Model Minimum Pulse Width 'A'
Slack : -1.777
TNS   : -707.441

Type  : Slow Model Minimum Pulse Width 'DivisorDeFrecuencia:Divisor2|salida_media'
Slack : -0.742
TNS   : -40.068

Type  : Slow Model Minimum Pulse Width 'DivisorDeFrecuencia:Divisor3|salida_media'
Slack : -0.742
TNS   : -2.968

Type  : Fast Model Setup 'DivisorDeFrecuencia:Divisor2|salida_media'
Slack : -1.639
TNS   : -25.074

Type  : Fast Model Setup 'A'
Slack : -1.315
TNS   : -163.272

Type  : Fast Model Setup 'CLK'
Slack : -1.095
TNS   : -52.674

Type  : Fast Model Setup 'DivisorDeFrecuencia:Divisor3|salida_media'
Slack : 0.637
TNS   : 0.000

Type  : Fast Model Hold 'A'
Slack : -1.396
TNS   : -7.783

Type  : Fast Model Hold 'CLK'
Slack : -1.332
TNS   : -2.664

Type  : Fast Model Hold 'DivisorDeFrecuencia:Divisor2|salida_media'
Slack : 0.215
TNS   : 0.000

Type  : Fast Model Hold 'DivisorDeFrecuencia:Divisor3|salida_media'
Slack : 0.215
TNS   : 0.000

Type  : Fast Model Recovery 'A'
Slack : 0.061
TNS   : 0.000

Type  : Fast Model Removal 'A'
Slack : 0.456
TNS   : 0.000

Type  : Fast Model Minimum Pulse Width 'CLK'
Slack : -1.380
TNS   : -121.380

Type  : Fast Model Minimum Pulse Width 'A'
Slack : -1.222
TNS   : -379.682

Type  : Fast Model Minimum Pulse Width 'DivisorDeFrecuencia:Divisor2|salida_media'
Slack : -0.500
TNS   : -27.000

Type  : Fast Model Minimum Pulse Width 'DivisorDeFrecuencia:Divisor3|salida_media'
Slack : -0.500
TNS   : -2.000

------------------------------------------------------------
