------------------------------------------------------------
TimeQuest Timing Analyzer Summary
------------------------------------------------------------

Type  : Slow Model Setup 'Sel[0]'
Slack : -5.946
TNS   : -870.306

Type  : Slow Model Setup 'DivisorDeFrecuencia:Divisor2|salida_media'
Slack : -5.157
TNS   : -86.877

Type  : Slow Model Setup 'CLK'
Slack : -4.725
TNS   : -350.175

Type  : Slow Model Setup 'DivisorDeFrecuencia:Divisor3|salida_media'
Slack : -0.023
TNS   : -0.023

Type  : Slow Model Hold 'CLK'
Slack : -2.537
TNS   : -5.063

Type  : Slow Model Hold 'Sel[0]'
Slack : -1.724
TNS   : -9.225

Type  : Slow Model Hold 'DivisorDeFrecuencia:Divisor2|salida_media'
Slack : 0.499
TNS   : 0.000

Type  : Slow Model Hold 'DivisorDeFrecuencia:Divisor3|salida_media'
Slack : 0.499
TNS   : 0.000

Type  : Slow Model Recovery 'Sel[0]'
Slack : -0.754
TNS   : -4.524

Type  : Slow Model Removal 'Sel[0]'
Slack : 1.196
TNS   : 0.000

Type  : Slow Model Minimum Pulse Width 'CLK'
Slack : -1.941
TNS   : -172.601

Type  : Slow Model Minimum Pulse Width 'Sel[0]'
Slack : -1.777
TNS   : -531.025

Type  : Slow Model Minimum Pulse Width 'DivisorDeFrecuencia:Divisor2|salida_media'
Slack : -0.742
TNS   : -40.068

Type  : Slow Model Minimum Pulse Width 'DivisorDeFrecuencia:Divisor3|salida_media'
Slack : -0.742
TNS   : -2.968

Type  : Fast Model Setup 'Sel[0]'
Slack : -1.219
TNS   : -146.398

Type  : Fast Model Setup 'DivisorDeFrecuencia:Divisor2|salida_media'
Slack : -1.114
TNS   : -15.421

Type  : Fast Model Setup 'CLK'
Slack : -1.055
TNS   : -46.643

Type  : Fast Model Setup 'DivisorDeFrecuencia:Divisor3|salida_media'
Slack : 0.634
TNS   : 0.000

Type  : Fast Model Hold 'CLK'
Slack : -1.344
TNS   : -2.676

Type  : Fast Model Hold 'Sel[0]'
Slack : -0.684
TNS   : -4.227

Type  : Fast Model Hold 'DivisorDeFrecuencia:Divisor2|salida_media'
Slack : 0.215
TNS   : 0.000

Type  : Fast Model Hold 'DivisorDeFrecuencia:Divisor3|salida_media'
Slack : 0.215
TNS   : 0.000

Type  : Fast Model Recovery 'Sel[0]'
Slack : 0.245
TNS   : 0.000

Type  : Fast Model Removal 'Sel[0]'
Slack : 0.535
TNS   : 0.000

Type  : Fast Model Minimum Pulse Width 'CLK'
Slack : -1.380
TNS   : -116.380

Type  : Fast Model Minimum Pulse Width 'Sel[0]'
Slack : -1.222
TNS   : -329.022

Type  : Fast Model Minimum Pulse Width 'DivisorDeFrecuencia:Divisor2|salida_media'
Slack : -0.500
TNS   : -27.000

Type  : Fast Model Minimum Pulse Width 'DivisorDeFrecuencia:Divisor3|salida_media'
Slack : -0.500
TNS   : -2.000

------------------------------------------------------------
