------------------------------------------------------------
TimeQuest Timing Analyzer Summary
------------------------------------------------------------

Type  : Slow Model Setup 'A'
Slack : -6.794
TNS   : -975.550

Type  : Slow Model Setup 'DivisorDeFrecuencia:Divisor2|salida_media'
Slack : -5.558
TNS   : -98.633

Type  : Slow Model Setup 'CLK'
Slack : -4.441
TNS   : -375.609

Type  : Slow Model Setup 'DivisorDeFrecuencia:Divisor3|salida_media'
Slack : -0.011
TNS   : -0.011

Type  : Slow Model Hold 'A'
Slack : -3.385
TNS   : -9.863

Type  : Slow Model Hold 'CLK'
Slack : -2.526
TNS   : -5.051

Type  : Slow Model Hold 'DivisorDeFrecuencia:Divisor2|salida_media'
Slack : 0.499
TNS   : 0.000

Type  : Slow Model Hold 'DivisorDeFrecuencia:Divisor3|salida_media'
Slack : 0.499
TNS   : 0.000

Type  : Slow Model Recovery 'A'
Slack : -1.178
TNS   : -7.068

Type  : Slow Model Removal 'A'
Slack : 0.782
TNS   : 0.000

Type  : Slow Model Minimum Pulse Width 'CLK'
Slack : -1.941
TNS   : -180.021

Type  : Slow Model Minimum Pulse Width 'A'
Slack : -1.777
TNS   : -819.879

Type  : Slow Model Minimum Pulse Width 'DivisorDeFrecuencia:Divisor2|salida_media'
Slack : -0.742
TNS   : -40.068

Type  : Slow Model Minimum Pulse Width 'DivisorDeFrecuencia:Divisor3|salida_media'
Slack : -0.742
TNS   : -2.968

Type  : Fast Model Setup 'A'
Slack : -1.360
TNS   : -162.702

Type  : Fast Model Setup 'DivisorDeFrecuencia:Divisor2|salida_media'
Slack : -1.253
TNS   : -19.001

Type  : Fast Model Setup 'CLK'
Slack : -0.939
TNS   : -50.383

Type  : Fast Model Setup 'DivisorDeFrecuencia:Divisor3|salida_media'
Slack : 0.640
TNS   : 0.000

Type  : Fast Model Hold 'CLK'
Slack : -1.334
TNS   : -2.666

Type  : Fast Model Hold 'A'
Slack : -1.249
TNS   : -3.300

Type  : Fast Model Hold 'DivisorDeFrecuencia:Divisor2|salida_media'
Slack : 0.215
TNS   : 0.000

Type  : Fast Model Hold 'DivisorDeFrecuencia:Divisor3|salida_media'
Slack : 0.215
TNS   : 0.000

Type  : Fast Model Recovery 'A'
Slack : 0.125
TNS   : 0.000

Type  : Fast Model Removal 'A'
Slack : 0.427
TNS   : 0.000

Type  : Fast Model Minimum Pulse Width 'CLK'
Slack : -1.380
TNS   : -121.380

Type  : Fast Model Minimum Pulse Width 'A'
Slack : -1.222
TNS   : -396.966

Type  : Fast Model Minimum Pulse Width 'DivisorDeFrecuencia:Divisor2|salida_media'
Slack : -0.500
TNS   : -27.000

Type  : Fast Model Minimum Pulse Width 'DivisorDeFrecuencia:Divisor3|salida_media'
Slack : -0.500
TNS   : -2.000

------------------------------------------------------------
