------------------------------------------------------------
TimeQuest Timing Analyzer Summary
------------------------------------------------------------

Type  : Slow Model Setup 'Reloj'
Slack : -4.082
TNS   : -66.142

Type  : Slow Model Setup 'Reloj:inst6|salida_media'
Slack : 0.235
TNS   : 0.000

Type  : Slow Model Hold 'Reloj'
Slack : -2.554
TNS   : -2.554

Type  : Slow Model Hold 'Reloj:inst6|salida_media'
Slack : 0.499
TNS   : 0.000

Type  : Slow Model Minimum Pulse Width 'Reloj'
Slack : -1.941
TNS   : -40.525

Type  : Slow Model Minimum Pulse Width 'Reloj:inst6|salida_media'
Slack : -0.742
TNS   : -7.420

Type  : Fast Model Setup 'Reloj'
Slack : -0.854
TNS   : -8.540

Type  : Fast Model Setup 'Reloj:inst6|salida_media'
Slack : 0.665
TNS   : 0.000

Type  : Fast Model Hold 'Reloj'
Slack : -1.360
TNS   : -1.360

Type  : Fast Model Hold 'Reloj:inst6|salida_media'
Slack : 0.215
TNS   : 0.000

Type  : Fast Model Minimum Pulse Width 'Reloj'
Slack : -1.380
TNS   : -27.380

Type  : Fast Model Minimum Pulse Width 'Reloj:inst6|salida_media'
Slack : -0.500
TNS   : -5.000

------------------------------------------------------------
