------------------------------------------------------------
TimeQuest Timing Analyzer Summary
------------------------------------------------------------

Type  : Slow Model Setup 'clk50Mhz'
Slack : -4.070
TNS   : -66.221

Type  : Slow Model Setup 'Reloj:Reloj1|salida_media'
Slack : -1.604
TNS   : -9.031

Type  : Slow Model Hold 'clk50Mhz'
Slack : -2.555
TNS   : -2.555

Type  : Slow Model Hold 'Reloj:Reloj1|salida_media'
Slack : 0.499
TNS   : 0.000

Type  : Slow Model Minimum Pulse Width 'clk50Mhz'
Slack : -1.941
TNS   : -40.525

Type  : Slow Model Minimum Pulse Width 'Reloj:Reloj1|salida_media'
Slack : -0.742
TNS   : -11.872

Type  : Fast Model Setup 'clk50Mhz'
Slack : -0.850
TNS   : -8.407

Type  : Fast Model Setup 'Reloj:Reloj1|salida_media'
Slack : 0.128
TNS   : 0.000

Type  : Fast Model Hold 'clk50Mhz'
Slack : -1.360
TNS   : -1.360

Type  : Fast Model Hold 'Reloj:Reloj1|salida_media'
Slack : 0.215
TNS   : 0.000

Type  : Fast Model Minimum Pulse Width 'clk50Mhz'
Slack : -1.380
TNS   : -27.380

Type  : Fast Model Minimum Pulse Width 'Reloj:Reloj1|salida_media'
Slack : -0.500
TNS   : -8.000

------------------------------------------------------------
