Analysis & Synthesis report for Practica5
Wed May 11 12:22:04 2022
Quartus II 64-Bit Version 13.0.1 Build 232 06/12/2013 Service Pack 1 SJ Web Edition


---------------------
; Table of Contents ;
---------------------
  1. Legal Notice
  2. Analysis & Synthesis Summary
  3. Analysis & Synthesis Settings
  4. Parallel Compilation
  5. Analysis & Synthesis Source Files Read
  6. Analysis & Synthesis Resource Usage Summary
  7. Analysis & Synthesis Resource Utilization by Entity
  8. User-Specified and Inferred Latches
  9. General Register Statistics
 10. Multiplexer Restructuring Statistics (Restructuring Performed)
 11. Parameter Settings for User Entity Instance: DivisorDeFrecuencia:inst1
 12. Elapsed Time Per Partition
 13. Analysis & Synthesis Messages



----------------
; Legal Notice ;
----------------
Copyright (C) 1991-2013 Altera Corporation
Your use of Altera Corporation's design tools, logic functions 
and other software and tools, and its AMPP partner logic 
functions, and any output files from any of the foregoing 
(including device programming or simulation files), and any 
associated documentation or information are expressly subject 
to the terms and conditions of the Altera Program License 
Subscription Agreement, Altera MegaCore Function License 
Agreement, or other applicable license agreement, including, 
without limitation, that your use is for the sole purpose of 
programming logic devices manufactured by Altera and sold by 
Altera or its authorized distributors.  Please refer to the 
applicable agreement for further details.



+--------------------------------------------------------------------------------------+
; Analysis & Synthesis Summary                                                         ;
+------------------------------------+-------------------------------------------------+
; Analysis & Synthesis Status        ; Successful - Wed May 11 12:22:04 2022           ;
; Quartus II 64-Bit Version          ; 13.0.1 Build 232 06/12/2013 SP 1 SJ Web Edition ;
; Revision Name                      ; Practica5                                       ;
; Top-level Entity Name              ; Practica5                                       ;
; Family                             ; Cyclone II                                      ;
; Total logic elements               ; 141                                             ;
;     Total combinational functions  ; 134                                             ;
;     Dedicated logic registers      ; 33                                              ;
; Total registers                    ; 33                                              ;
; Total pins                         ; 18                                              ;
; Total virtual pins                 ; 0                                               ;
; Total memory bits                  ; 0                                               ;
; Embedded Multiplier 9-bit elements ; 0                                               ;
; Total PLLs                         ; 0                                               ;
+------------------------------------+-------------------------------------------------+


+----------------------------------------------------------------------------------------------------------------------+
; Analysis & Synthesis Settings                                                                                        ;
+----------------------------------------------------------------------------+--------------------+--------------------+
; Option                                                                     ; Setting            ; Default Value      ;
+----------------------------------------------------------------------------+--------------------+--------------------+
; Device                                                                     ; EP2C5T144C8        ;                    ;
; Top-level entity name                                                      ; Practica5          ; Practica5          ;
; Family name                                                                ; Cyclone II         ; Cyclone IV GX      ;
; Use smart compilation                                                      ; Off                ; Off                ;
; Enable parallel Assembler and TimeQuest Timing Analyzer during compilation ; On                 ; On                 ;
; Enable compact report table                                                ; Off                ; Off                ;
; Restructure Multiplexers                                                   ; Auto               ; Auto               ;
; Create Debugging Nodes for IP Cores                                        ; Off                ; Off                ;
; Preserve fewer node names                                                  ; On                 ; On                 ;
; Disable OpenCore Plus hardware evaluation                                  ; Off                ; Off                ;
; Verilog Version                                                            ; Verilog_2001       ; Verilog_2001       ;
; VHDL Version                                                               ; VHDL_1993          ; VHDL_1993          ;
; State Machine Processing                                                   ; Auto               ; Auto               ;
; Safe State Machine                                                         ; Off                ; Off                ;
; Extract Verilog State Machines                                             ; On                 ; On                 ;
; Extract VHDL State Machines                                                ; On                 ; On                 ;
; Ignore Verilog initial constructs                                          ; Off                ; Off                ;
; Iteration limit for constant Verilog loops                                 ; 5000               ; 5000               ;
; Iteration limit for non-constant Verilog loops                             ; 250                ; 250                ;
; Add Pass-Through Logic to Inferred RAMs                                    ; On                 ; On                 ;
; Infer RAMs from Raw Logic                                                  ; On                 ; On                 ;
; Parallel Synthesis                                                         ; On                 ; On                 ;
; DSP Block Balancing                                                        ; Auto               ; Auto               ;
; NOT Gate Push-Back                                                         ; On                 ; On                 ;
; Power-Up Don't Care                                                        ; On                 ; On                 ;
; Remove Redundant Logic Cells                                               ; Off                ; Off                ;
; Remove Duplicate Registers                                                 ; On                 ; On                 ;
; Ignore CARRY Buffers                                                       ; Off                ; Off                ;
; Ignore CASCADE Buffers                                                     ; Off                ; Off                ;
; Ignore GLOBAL Buffers                                                      ; Off                ; Off                ;
; Ignore ROW GLOBAL Buffers                                                  ; Off                ; Off                ;
; Ignore LCELL Buffers                                                       ; Off                ; Off                ;
; Ignore SOFT Buffers                                                        ; On                 ; On                 ;
; Limit AHDL Integers to 32 Bits                                             ; Off                ; Off                ;
; Optimization Technique                                                     ; Balanced           ; Balanced           ;
; Carry Chain Length                                                         ; 70                 ; 70                 ;
; Auto Carry Chains                                                          ; On                 ; On                 ;
; Auto Open-Drain Pins                                                       ; On                 ; On                 ;
; Perform WYSIWYG Primitive Resynthesis                                      ; Off                ; Off                ;
; Auto ROM Replacement                                                       ; On                 ; On                 ;
; Auto RAM Replacement                                                       ; On                 ; On                 ;
; Auto Shift Register Replacement                                            ; Auto               ; Auto               ;
; Allow Shift Register Merging across Hierarchies                            ; Auto               ; Auto               ;
; Auto Clock Enable Replacement                                              ; On                 ; On                 ;
; Strict RAM Replacement                                                     ; Off                ; Off                ;
; Allow Synchronous Control Signals                                          ; On                 ; On                 ;
; Force Use of Synchronous Clear Signals                                     ; Off                ; Off                ;
; Auto RAM to Logic Cell Conversion                                          ; Off                ; Off                ;
; Auto Resource Sharing                                                      ; Off                ; Off                ;
; Allow Any RAM Size For Recognition                                         ; Off                ; Off                ;
; Allow Any ROM Size For Recognition                                         ; Off                ; Off                ;
; Allow Any Shift Register Size For Recognition                              ; Off                ; Off                ;
; Use LogicLock Constraints during Resource Balancing                        ; On                 ; On                 ;
; Ignore translate_off and synthesis_off directives                          ; Off                ; Off                ;
; Timing-Driven Synthesis                                                    ; Off                ; Off                ;
; Report Parameter Settings                                                  ; On                 ; On                 ;
; Report Source Assignments                                                  ; On                 ; On                 ;
; Report Connectivity Checks                                                 ; On                 ; On                 ;
; Ignore Maximum Fan-Out Assignments                                         ; Off                ; Off                ;
; Synchronization Register Chain Length                                      ; 2                  ; 2                  ;
; PowerPlay Power Optimization                                               ; Normal compilation ; Normal compilation ;
; HDL message level                                                          ; Level2             ; Level2             ;
; Suppress Register Optimization Related Messages                            ; Off                ; Off                ;
; Number of Removed Registers Reported in Synthesis Report                   ; 5000               ; 5000               ;
; Number of Swept Nodes Reported in Synthesis Report                         ; 5000               ; 5000               ;
; Number of Inverted Registers Reported in Synthesis Report                  ; 100                ; 100                ;
; Clock MUX Protection                                                       ; On                 ; On                 ;
; Auto Gated Clock Conversion                                                ; Off                ; Off                ;
; Block Design Naming                                                        ; Auto               ; Auto               ;
; SDC constraint protection                                                  ; Off                ; Off                ;
; Synthesis Effort                                                           ; Auto               ; Auto               ;
; Shift Register Replacement - Allow Asynchronous Clear Signal               ; On                 ; On                 ;
; Pre-Mapping Resynthesis Optimization                                       ; Off                ; Off                ;
; Analysis & Synthesis Message Level                                         ; Medium             ; Medium             ;
; Disable Register Merging Across Hierarchies                                ; Auto               ; Auto               ;
; Resource Aware Inference For Block RAM                                     ; On                 ; On                 ;
; Synthesis Seed                                                             ; 1                  ; 1                  ;
+----------------------------------------------------------------------------+--------------------+--------------------+


Parallel compilation was disabled, but you have multiple processors available. Enable parallel compilation to reduce compilation time.
+-------------------------------------+
; Parallel Compilation                ;
+----------------------------+--------+
; Processors                 ; Number ;
+----------------------------+--------+
; Number detected on machine ; 8      ;
; Maximum allowed            ; 1      ;
+----------------------------+--------+


+----------------------------------------------------------------------------------------------------------------------------------------------------------------------------------------------------------------------------+
; Analysis & Synthesis Source Files Read                                                                                                                                                                                     ;
+------------------------------------------+-----------------+------------------------------------+----------------------------------------------------------------------------------------------------------------+---------+
; File Name with User-Entered Path         ; Used in Netlist ; File Type                          ; File Name with Absolute Path                                                                                   ; Library ;
+------------------------------------------+-----------------+------------------------------------+----------------------------------------------------------------------------------------------------------------+---------+
; ../Anexos/DecodificadorDecimal.vhd       ; yes             ; User VHDL File                     ; C:/Users/axela/OneDrive/Documentos/ESCOM/4to Semestre/DCD/Enterlapps-DSD/Anexos/DecodificadorDecimal.vhd       ;         ;
; convertidordisplay.vhd                   ; yes             ; User VHDL File                     ; C:/Users/axela/OneDrive/Documentos/ESCOM/4to Semestre/DCD/Enterlapps-DSD/Practica 5/convertidordisplay.vhd     ;         ;
; display.vhd                              ; yes             ; User VHDL File                     ; C:/Users/axela/OneDrive/Documentos/ESCOM/4to Semestre/DCD/Enterlapps-DSD/Practica 5/display.vhd                ;         ;
; Practica5.bdf                            ; yes             ; User Block Diagram/Schematic File  ; C:/Users/axela/OneDrive/Documentos/ESCOM/4to Semestre/DCD/Enterlapps-DSD/Practica 5/Practica5.bdf              ;         ;
; ../Anexos/DivisorFrecuencia.vhd          ; yes             ; User VHDL File                     ; C:/Users/axela/OneDrive/Documentos/ESCOM/4to Semestre/DCD/Enterlapps-DSD/Anexos/DivisorFrecuencia.vhd          ;         ;
; ContadorJhonson.bdf                      ; yes             ; User Block Diagram/Schematic File  ; C:/Users/axela/OneDrive/Documentos/ESCOM/4to Semestre/DCD/Enterlapps-DSD/Practica 5/ContadorJhonson.bdf        ;         ;
; ../Anexos/ConvertidorUnitarioVector8.vhd ; yes             ; User VHDL File                     ; C:/Users/axela/OneDrive/Documentos/ESCOM/4to Semestre/DCD/Enterlapps-DSD/Anexos/ConvertidorUnitarioVector8.vhd ;         ;
; ../Anexos/ConvertidorVectorUnitario8.vhd ; yes             ; User VHDL File                     ; C:/Users/axela/OneDrive/Documentos/ESCOM/4to Semestre/DCD/Enterlapps-DSD/Anexos/ConvertidorVectorUnitario8.vhd ;         ;
+------------------------------------------+-----------------+------------------------------------+----------------------------------------------------------------------------------------------------------------+---------+


+---------------------------------------------------------------------------+
; Analysis & Synthesis Resource Usage Summary                               ;
+---------------------------------------------+-----------------------------+
; Resource                                    ; Usage                       ;
+---------------------------------------------+-----------------------------+
; Estimated Total logic elements              ; 141                         ;
;                                             ;                             ;
; Total combinational functions               ; 134                         ;
; Logic element usage by number of LUT inputs ;                             ;
;     -- 4 input functions                    ; 66                          ;
;     -- 3 input functions                    ; 24                          ;
;     -- <=2 input functions                  ; 44                          ;
;                                             ;                             ;
; Logic elements by mode                      ;                             ;
;     -- normal mode                          ; 111                         ;
;     -- arithmetic mode                      ; 23                          ;
;                                             ;                             ;
; Total registers                             ; 33                          ;
;     -- Dedicated logic registers            ; 33                          ;
;     -- I/O registers                        ; 0                           ;
;                                             ;                             ;
; I/O pins                                    ; 18                          ;
; Embedded Multiplier 9-bit elements          ; 0                           ;
; Maximum fan-out node                        ; ContadorJhonson:inst|inst10 ;
; Maximum fan-out                             ; 28                          ;
; Total fan-out                               ; 536                         ;
; Average fan-out                             ; 2.90                        ;
+---------------------------------------------+-----------------------------+


+--------------------------------------------------------------------------------------------------------------------------------------------------------------------------------------------------+
; Analysis & Synthesis Resource Utilization by Entity                                                                                                                                              ;
+--------------------------------+-------------------+--------------+-------------+--------------+---------+-----------+------+--------------+--------------------------------------+--------------+
; Compilation Hierarchy Node     ; LC Combinationals ; LC Registers ; Memory Bits ; DSP Elements ; DSP 9x9 ; DSP 18x18 ; Pins ; Virtual Pins ; Full Hierarchy Name                  ; Library Name ;
+--------------------------------+-------------------+--------------+-------------+--------------+---------+-----------+------+--------------+--------------------------------------+--------------+
; |Practica5                     ; 134 (0)           ; 33 (0)       ; 0           ; 0            ; 0       ; 0         ; 18   ; 0            ; |Practica5                           ; work         ;
;    |ContadorJhonson:inst|      ; 1 (1)             ; 8 (8)        ; 0           ; 0            ; 0       ; 0         ; 0    ; 0            ; |Practica5|ContadorJhonson:inst      ; work         ;
;    |DivisorDeFrecuencia:inst1| ; 40 (40)           ; 25 (25)      ; 0           ; 0            ; 0       ; 0         ; 0    ; 0            ; |Practica5|DivisorDeFrecuencia:inst1 ; work         ;
;    |display:inst2|             ; 93 (93)           ; 0 (0)        ; 0           ; 0            ; 0       ; 0         ; 0    ; 0            ; |Practica5|display:inst2             ; work         ;
+--------------------------------+-------------------+--------------+-------------+--------------+---------+-----------+------+--------------+--------------------------------------+--------------+
Note: For table entries with two numbers listed, the numbers in parentheses indicate the number of resources of the given type used by the specific entity alone. The numbers listed outside of parentheses indicate the total resources of the given type used by the specific entity and all of its sub-entities in the hierarchy.


+---------------------------------------------------------------------------------------------------+
; User-Specified and Inferred Latches                                                               ;
+----------------------------------------------------+---------------------+------------------------+
; Latch Name                                         ; Latch Enable Signal ; Free of Timing Hazards ;
+----------------------------------------------------+---------------------+------------------------+
; display:inst2|DISPLAY[6]                           ; GND                 ; yes                    ;
; display:inst2|DISPLAY[5]                           ; GND                 ; yes                    ;
; display:inst2|DISPLAY[4]                           ; GND                 ; yes                    ;
; display:inst2|DISPLAY[3]                           ; GND                 ; yes                    ;
; display:inst2|DISPLAY[2]                           ; GND                 ; yes                    ;
; display:inst2|DISPLAY[1]                           ; GND                 ; yes                    ;
; display:inst2|DISPLAY[0]                           ; GND                 ; yes                    ;
; Number of user-specified and inferred latches = 7  ;                     ;                        ;
+----------------------------------------------------+---------------------+------------------------+
Note: All latches listed above may not be present at the end of synthesis due to various synthesis optimizations.


+------------------------------------------------------+
; General Register Statistics                          ;
+----------------------------------------------+-------+
; Statistic                                    ; Value ;
+----------------------------------------------+-------+
; Total registers                              ; 33    ;
; Number of registers using Synchronous Clear  ; 0     ;
; Number of registers using Synchronous Load   ; 0     ;
; Number of registers using Asynchronous Clear ; 33    ;
; Number of registers using Asynchronous Load  ; 0     ;
; Number of registers using Clock Enable       ; 0     ;
; Number of registers using Preset             ; 0     ;
+----------------------------------------------+-------+


+---------------------------------------------------------------------------------------------------------------------------------------------------+
; Multiplexer Restructuring Statistics (Restructuring Performed)                                                                                    ;
+--------------------+-----------+---------------+----------------------+------------------------+------------+-------------------------------------+
; Multiplexer Inputs ; Bus Width ; Baseline Area ; Area if Restructured ; Saving if Restructured ; Registered ; Example Multiplexer Output          ;
+--------------------+-----------+---------------+----------------------+------------------------+------------+-------------------------------------+
; 4:1                ; 2 bits    ; 4 LEs         ; 2 LEs                ; 2 LEs                  ; No         ; |Practica5|display:inst2|DISPLAY[6] ;
+--------------------+-----------+---------------+----------------------+------------------------+------------+-------------------------------------+


+------------------------------------------------------------------------+
; Parameter Settings for User Entity Instance: DivisorDeFrecuencia:inst1 ;
+----------------+-------+-----------------------------------------------+
; Parameter Name ; Value ; Type                                          ;
+----------------+-------+-----------------------------------------------+
; frequency      ; 5     ; Signed Float                                  ;
+----------------+-------+-----------------------------------------------+
Note: In order to hide this table in the UI and the text report file, please set the "Show Parameter Settings in Synthesis Report" option in "Analysis and Synthesis Settings -> More Settings" to "Off".


+-------------------------------+
; Elapsed Time Per Partition    ;
+----------------+--------------+
; Partition Name ; Elapsed Time ;
+----------------+--------------+
; Top            ; 00:00:00     ;
+----------------+--------------+


+-------------------------------+
; Analysis & Synthesis Messages ;
+-------------------------------+
Info: *******************************************************************
Info: Running Quartus II 64-Bit Analysis & Synthesis
    Info: Version 13.0.1 Build 232 06/12/2013 Service Pack 1 SJ Web Edition
    Info: Processing started: Wed May 11 12:22:02 2022
Info: Command: quartus_map --read_settings_files=on --write_settings_files=off Practica5 -c Practica5
Warning (20028): Parallel compilation is not licensed and has been disabled
Info (12021): Found 2 design units, including 1 entities, in source file /users/axela/onedrive/documentos/escom/4to semestre/dcd/enterlapps-dsd/anexos/decodificadordecimal.vhd
    Info (12022): Found design unit 1: DecodifiadorDecimal-DecoDec
    Info (12023): Found entity 1: DecodifiadorDecimal
Info (12021): Found 2 design units, including 1 entities, in source file convertidordisplay.vhd
    Info (12022): Found design unit 1: convertidordisplay-convdis
    Info (12023): Found entity 1: convertidordisplay
Info (12021): Found 2 design units, including 1 entities, in source file display.vhd
    Info (12022): Found design unit 1: display-displayarc
    Info (12023): Found entity 1: display
Info (12021): Found 1 design units, including 1 entities, in source file practica5.bdf
    Info (12023): Found entity 1: Practica5
Info (12021): Found 2 design units, including 1 entities, in source file /users/axela/onedrive/documentos/escom/4to semestre/dcd/enterlapps-dsd/anexos/divisorfrecuencia.vhd
    Info (12022): Found design unit 1: DivisorDeFrecuencia-DivFrec
    Info (12023): Found entity 1: DivisorDeFrecuencia
Info (12021): Found 1 design units, including 1 entities, in source file contadorjhonson.bdf
    Info (12023): Found entity 1: ContadorJhonson
Info (12021): Found 1 design units, including 1 entities, in source file contadoranillo.bdf
    Info (12023): Found entity 1: ContadorAnillo
Info (12021): Found 2 design units, including 1 entities, in source file /users/axela/onedrive/documentos/escom/4to semestre/dcd/enterlapps-dsd/anexos/convertidorunitariovector8.vhd
    Info (12022): Found design unit 1: ConvertidorUnitarioVector8-ConvUniVect8
    Info (12023): Found entity 1: ConvertidorUnitarioVector8
Info (12021): Found 2 design units, including 1 entities, in source file /users/axela/onedrive/documentos/escom/4to semestre/dcd/enterlapps-dsd/anexos/convertidorvectorunitario8.vhd
    Info (12022): Found design unit 1: ConvertidorVectorUnitario8-ConvVecUni8
    Info (12023): Found entity 1: ConvertidorVectorUnitario8
Warning (12019): Can't analyze file -- file ../Anexos/Divisor2.5Hz.vhd is missing
Info (12127): Elaborating entity "Practica5" for the top level hierarchy
Info (12128): Elaborating entity "ConvertidorVectorUnitario8" for hierarchy "ConvertidorVectorUnitario8:inst7"
Info (12128): Elaborating entity "ConvertidorUnitarioVector8" for hierarchy "ConvertidorUnitarioVector8:Convertidor"
Info (12128): Elaborating entity "ContadorJhonson" for hierarchy "ContadorJhonson:inst"
Info (12128): Elaborating entity "DivisorDeFrecuencia" for hierarchy "DivisorDeFrecuencia:inst1"
Warning (10540): VHDL Signal Declaration warning at DivisorFrecuencia.vhd(18): used explicit default value for signal "limite" because signal was never assigned a value
Info (12128): Elaborating entity "convertidordisplay" for hierarchy "convertidordisplay:inst3"
Info (12128): Elaborating entity "display" for hierarchy "display:inst2"
Warning (10631): VHDL Process Statement warning at display.vhd(31): inferring latch(es) for signal or variable "DISPLAY", which holds its previous value in one or more paths through the process
Info (10041): Inferred latch for "DISPLAY[0]" at display.vhd(31)
Info (10041): Inferred latch for "DISPLAY[1]" at display.vhd(31)
Info (10041): Inferred latch for "DISPLAY[2]" at display.vhd(31)
Info (10041): Inferred latch for "DISPLAY[3]" at display.vhd(31)
Info (10041): Inferred latch for "DISPLAY[4]" at display.vhd(31)
Info (10041): Inferred latch for "DISPLAY[5]" at display.vhd(31)
Info (10041): Inferred latch for "DISPLAY[6]" at display.vhd(31)
Info (12128): Elaborating entity "DecodifiadorDecimal" for hierarchy "DecodifiadorDecimal:inst4"
Info (16010): Generating hard_block partition "hard_block:auto_generated_inst"
    Info (16011): Adding 0 node(s), including 0 DDIO, 0 PLL, 0 transceiver and 0 LCELL
Info (21057): Implemented 159 device resources after synthesis - the final resource count might be different
    Info (21058): Implemented 3 input pins
    Info (21059): Implemented 15 output pins
    Info (21061): Implemented 141 logic cells
Info: Quartus II 64-Bit Analysis & Synthesis was successful. 0 errors, 4 warnings
    Info: Peak virtual memory: 4615 megabytes
    Info: Processing ended: Wed May 11 12:22:04 2022
    Info: Elapsed time: 00:00:02
    Info: Total CPU time (on all processors): 00:00:01


